Corpus A/01_Cardiovascular.md L54: dose figure in `inherited` file with no marker or →MED mirror — Aspirin 300 mg, O2 if sats <94%, paracetamol 1 g PO/IV (morphine only if severe pain), GTN
Corpus A/01_Cardiovascular.md L232: dose figure in `inherited` file with no marker or →MED mirror — - Aspirin 75 mg OD (unless already on an antiplatelet)
Corpus A/01_Cardiovascular.md L327: dose figure in `inherited` file with no marker or →MED mirror — - **Shockable (VF/pulseless VT):** 1 shock → immediately resume CPR for 2 min. If arrest w
Corpus A/01_Cardiovascular.md L328: dose figure in `inherited` file with no marker or →MED mirror — - **Non-shockable (PEA/asystole):** immediately resume CPR for 2 min; give adrenaline 1 mg
Corpus A/01_Cardiovascular.md L404: dose figure in `inherited` file with no marker or →MED mirror — - Atropine boluses to total 3 mg (500 mcg boluses); contraindicated in heart transplant pa
Corpus A/01_Cardiovascular.md L434: dose figure in `inherited` file with no marker or →MED mirror — - Adenosine IV: rapid bolus 6 mg → no effect, 12 mg → no effect, further 12 mg (max 3 dose
Corpus A/01_Cardiovascular.md L802: dose figure in `inherited` file with no marker or →MED mirror — - **Mechanical:** bileaflet valve most common now; low failure rate; increased thrombosis 
Corpus A/01_Cardiovascular.md L1090: dose figure in `inherited` file with no marker or →MED mirror — **Ix:** blood cultures, 3x 10 mL from different sites at 30-min intervals (*why:* isolates
Corpus A/01_Cardiovascular.md L1317: dose figure in `inherited` file with no marker or →MED mirror — - **Chronic/long-term:** stop smoking, manage comorbidities (DM, HTN); statin (atorvastati
Corpus A/02_Respiratory.md L145: dose figure in `inherited` file with no marker or →MED mirror — - **Immediate/acute:** prednisolone 30–50mg OD for 5 days (verified AU dosing per COPD-X —
Corpus A/02_Respiratory.md L445: dose figure in `inherited` file with no marker or →MED mirror — 0.1 mL of 1:1,000 purified protein derivative (PPD) injected intradermally; result read 2–
Corpus A/02_Respiratory.md L541: dose figure in `inherited` file with no marker or →MED mirror — - **Aspiration:** insertion of a fine needle (14G) into the 2nd intercostal space at the m
Corpus A/02_Respiratory.md L556: dose figure in `inherited` file with no marker or →MED mirror — | Transudate (<30 g/L protein) | Exudate (>30 g/L protein) |
Corpus A/02_Respiratory.md L766: dose figure in `inherited` file with no marker or →MED mirror — - **Definitive:** urgent thoracotomy/surgical exploration if massive haemothorax (e.g. >15
Corpus A/03_Gastrointestinal.md L220: dose figure in `inherited` file with no marker or →MED mirror — **Ix:** diagnostic paracentesis (*why:* essential first step in any new ascites to determi
Corpus A/03_Gastrointestinal.md L223: dose figure in `inherited` file with no marker or →MED mirror — - **Immediate/acute:** drainage of tense/symptomatic ascites — for large-volume paracentes
Corpus A/03_Gastrointestinal.md L266: dose figure in `inherited` file with no marker or →MED mirror — - **Chronic/long-term (prophylaxis):** PO ciprofloxacin or norfloxacin if: previous episod
Corpus A/04_Neurology.md L210: dose figure in `inherited` file with no marker or →MED mirror — **R:** ↑age, family history, genetics, Down's syndrome (early onset), CVD, smoking, midlif
Corpus A/04_Neurology.md L567: dose figure in `inherited` file with no marker or →MED mirror — - **Immediate/acute:** hospitalisation + isolation; **IV aciclovir 10mg/kg every 8 hours i
Corpus A/04_Neurology.md L995: dose figure in `inherited` file with no marker or →MED mirror — - **Immediate/acute:** oral corticosteroids (e.g. prednisolone) started within 72h of onse
Corpus A/04_Neurology.md L1055: dose figure in `inherited` file with no marker or →MED mirror — 1. Aspirin 300mg STAT unless contraindicated (contraindicated in patients already on antic
Corpus A/04_Neurology.md L1070: dose figure in `inherited` file with no marker or →MED mirror — **Acute Mx:** all patients — give 300mg aspirin if no bleed.
Corpus A/04_Neurology.md L1294: dose figure in `inherited` file with no marker or →MED mirror — **Ix:** primarily clinical — annual foot/sensory screening (already established as part of
Corpus A/04_Neurology.md L1395: dose figure in `inherited` file with no marker or →MED mirror — **Ix:** nerve conduction studies (*why:* the key diagnostic test, demonstrating the demyel
Corpus A/04_Neurology.md L1577: dose figure in `inherited` file with no marker or →MED mirror — **Ix:** urgent MRI whole spine (*why:* the definitive diagnostic test, and genuinely time-
Corpus A/05_Ophthalmology.md L272: dose figure in `inherited` file with no marker or →MED mirror — - IV acetazolamide 500mg stat, then 250mg/8h PO/IV
Corpus A/06_Metabolic_Medicine_and_Endocrinology.md L436: dose figure in `inherited` file with no marker or →MED mirror — - Plasma glucose ≥11.1 mmol/L 2h after 75g OGTT
Corpus A/06_Metabolic_Medicine_and_Endocrinology.md L494: dose figure in `inherited` file with no marker or →MED mirror — **Ix:** clinical foot examination — inspection (deformity, callus, ulceration, skin change
Corpus A/06_Metabolic_Medicine_and_Endocrinology.md L526: dose figure in `inherited` file with no marker or →MED mirror — Increase monitoring ± check ketones; consume 3L of fluids/24h ± sugary drinks.
Corpus A/06_Metabolic_Medicine_and_Endocrinology.md L640: dose figure in `inherited` file with no marker or →MED mirror — 2. Replace fluid and electrolyte losses — isotonic 0.9% NaCl first, may need to switch to 
Corpus A/06_Metabolic_Medicine_and_Endocrinology.md L666: dose figure in `inherited` file with no marker or →MED mirror — - Community, patient alert: oral glucose 10–20g in any form (≈4 jelly babies, 200mL pure f
Corpus A/06_Metabolic_Medicine_and_Endocrinology.md L668: dose figure in `inherited` file with no marker or →MED mirror — - Hospital, unable to swallow or unconscious: **glucagon 1mg IM/SC**, or **IV 20% dextrose
Corpus A/06_Metabolic_Medicine_and_Endocrinology.md L851: dose figure in `inherited` file with no marker or →MED mirror — **Maintenance fluid requirements (per day, in a euvolaemic adult):** roughly 25–30mL/kg of
Corpus A/07_Renal_Medicine_and_Urology.md L15: dose figure in `inherited` file with no marker or →MED mirror — - Urine output <0.5 mL/kg/h for 6h
Corpus A/07_Renal_Medicine_and_Urology.md L72: dose figure in `inherited` file with no marker or →MED mirror — | G1 | >90 mL/min with evidence of kidney damage (histopathology, imaging, or lab findings
Corpus A/07_Renal_Medicine_and_Urology.md L73: dose figure in `inherited` file with no marker or →MED mirror — | G2 | 60–89 mL/min |
Corpus A/07_Renal_Medicine_and_Urology.md L74: dose figure in `inherited` file with no marker or →MED mirror — | G3a | 45–59 mL/min |
Corpus A/07_Renal_Medicine_and_Urology.md L75: dose figure in `inherited` file with no marker or →MED mirror — | G3b | 30–44 mL/min |
Corpus A/07_Renal_Medicine_and_Urology.md L76: dose figure in `inherited` file with no marker or →MED mirror — | G4 | 15–29 mL/min |
Corpus A/07_Renal_Medicine_and_Urology.md L77: dose figure in `inherited` file with no marker or →MED mirror — | G5 (end-stage) | <15 mL/min |
Corpus A/07_Renal_Medicine_and_Urology.md L82: dose figure in `inherited` file with no marker or →MED mirror — | A1 (normal/mildly increased) | <3 mg/mmol |
Corpus A/07_Renal_Medicine_and_Urology.md L83: dose figure in `inherited` file with no marker or →MED mirror — | A2 (moderately increased) | 3–30 mg/mmol |
Corpus A/07_Renal_Medicine_and_Urology.md L84: dose figure in `inherited` file with no marker or →MED mirror — | A3 (severe) | >30 mg/mmol |
Corpus A/07_Renal_Medicine_and_Urology.md L97: dose figure in `inherited` file with no marker or →MED mirror — 1. **Slow progression:** optimise DM control; optimise HTN control (ACEI or ARB — can caus
Corpus A/07_Renal_Medicine_and_Urology.md L98: dose figure in `inherited` file with no marker or →MED mirror — 2. **Reduce risk of complications:** exercise, weight loss, stop smoking; dietary advice (
Corpus A/07_Renal_Medicine_and_Urology.md L115: dose figure in `inherited` file with no marker or →MED mirror — **Mx:** target Hb 10–12 g/dL. Iron supplementation to optimise iron levels first-line; if 
Corpus A/07_Renal_Medicine_and_Urology.md L198: dose figure in `inherited` file with no marker or →MED mirror — | **Presentation** | Haematuria; RBC casts in urine; ↓GFR → oliguria, azotaemia, **hyperte
Corpus A/07_Renal_Medicine_and_Urology.md L211: dose figure in `inherited` file with no marker or →MED mirror — **D:** albuminuria (increased urinary albumin excretion ≥30mg/g) + progressive ↓eGFR, agai
Corpus A/07_Renal_Medicine_and_Urology.md L440: dose figure in `inherited` file with no marker or →MED mirror — **Ix:** bladder scan (*why:* confirms retention and quantifies the volume, both diagnostic
Corpus A/07_Renal_Medicine_and_Urology.md L787: dose figure in `inherited` file with no marker or →MED mirror — | **Mx** | Treat even if asymptomatic; mesh repair (unilateral — open approach; bilateral/
Corpus A/08_01-03_Infectious_Disease_-_Bacterial_Infections.md L316: dose figure in `inherited` file with no marker or →MED mirror — - **Mx:** benzylpenicillin — **the dosing regimen is owned by [[16_06-07_Ante-Perinatal_In
Corpus A/08_05-06_Infectious_Disease_-_Viral_Infections.md L126: dose figure in `inherited` file with no marker or →MED mirror — - **Mx:** PO antivirals (e.g. aciclovir), preferred over topical. Short course e.g. aciclo
Corpus A/08_08_Infectious_Disease_-_Genitourinary_Infections_and_STIs.md L82: dose figure in `inherited` file with no marker or →MED mirror — - **Mx:** **PO metronidazole 400mg BD for 7 days, or a one-off 2g dose** — the multi-day o
Corpus A/08_08_Infectious_Disease_-_Genitourinary_Infections_and_STIs.md L88: dose figure in `inherited` file with no marker or →MED mirror — - **Mx:** check for HIV; azithromycin 1g single dose. Treat sexual partners within the las
Corpus A/08_08_Infectious_Disease_-_Genitourinary_Infections_and_STIs.md L105: dose figure in `inherited` file with no marker or →MED mirror — - **Mx:** **doxycycline 100mg PO BD for 7 days** (first-line); **azithromycin 1g PO single
Corpus A/08_08_Infectious_Disease_-_Genitourinary_Infections_and_STIs.md L149: dose figure in `inherited` file with no marker or →MED mirror — - **Mx:** **ceftriaxone 500mg IM (in 1% lignocaine) plus azithromycin 1g PO, given togethe
Corpus A/09_01_Dermatology_-_Dermatological_Emergencies.md L38: dose figure in `inherited` file with no marker or →MED mirror — - **Chronic/long-term:** clinical observation for **at least 4 hours after the last adrena
Corpus A/09_01_Dermatology_-_Dermatological_Emergencies.md L118: dose figure in `inherited` file with no marker or →MED mirror — - **Mx:** aciclovir PO 400–800mg 5×/day for 10–14 days or until lesions heal. If patient i
Corpus A/09_04_Dermatology_-_Eczema__Psoriasis__Rosacea.md L47: dose figure in `inherited` file with no marker or →MED mirror — - Large quantities (e.g. 250g/week), roughly 10:1 ratio with topical steroids by amount.
Corpus A/09_04_Dermatology_-_Eczema__Psoriasis__Rosacea.md L61: dose figure in `inherited` file with no marker or →MED mirror — - **1 fingertip unit ≈ 0.5g** — sufficient to treat a skin area about 2× the size of an ad
Corpus A/09_04_Dermatology_-_Eczema__Psoriasis__Rosacea.md L75: dose figure in `inherited` file with no marker or →MED mirror — | Face & neck | 15–30g |
Corpus A/09_04_Dermatology_-_Eczema__Psoriasis__Rosacea.md L76: dose figure in `inherited` file with no marker or →MED mirror — | Both hands | 15–30g |
Corpus A/09_04_Dermatology_-_Eczema__Psoriasis__Rosacea.md L77: dose figure in `inherited` file with no marker or →MED mirror — | Scalp | 15–30g |
Corpus A/09_04_Dermatology_-_Eczema__Psoriasis__Rosacea.md L78: dose figure in `inherited` file with no marker or →MED mirror — | Both arms | 30–60g |
Corpus A/09_04_Dermatology_-_Eczema__Psoriasis__Rosacea.md L79: dose figure in `inherited` file with no marker or →MED mirror — | Both legs | 100g |
Corpus A/09_04_Dermatology_-_Eczema__Psoriasis__Rosacea.md L80: dose figure in `inherited` file with no marker or →MED mirror — | Trunk | 100g |
Corpus A/09_04_Dermatology_-_Eczema__Psoriasis__Rosacea.md L81: dose figure in `inherited` file with no marker or →MED mirror — | Groin & genitalia | 15–30g |
Corpus A/09_04_Dermatology_-_Eczema__Psoriasis__Rosacea.md L137: dose figure in `inherited` file with no marker or →MED mirror — - Adverse effects uncommon; can be used long-term. Avoid in pregnancy. Maximum 100g/week i
Corpus A/10_03a_Haemonc_-_Primary_Immunodeficiencies.md L82: dose figure in `inherited` file with no marker or →MED mirror — - **Ix:** serum IgE level (*why:* markedly elevated IgE is a hallmark finding directly ref
Corpus A/10_03b_Haemonc_-_Acute_Intermittent_Porphyria.md L35: dose figure in `inherited` file with no marker or →MED mirror — - IV glucose (if IV haemin not available) — ≥300g dextrose (10% glucose).
Corpus A/10_04_Haemonc_-_Anaemia_Overview_and_Microcytic_Anaemia.md L115: dose figure in `inherited` file with no marker or →MED mirror — - Usually becomes apparent when GFR <35 mL/min.
Corpus A/10_05_Haemonc_-_Normocytic_Anaemia_and_Sickle_Cell_Disease.md L27: dose figure in `inherited` file with no marker or →MED mirror — - Blood transfusion if >20g/L drop from baseline Hb level.
Corpus A/10_06b_Haemonc_-_Thrombophilia__APS__Thrombocytosis__Methaemoglobinaemia.md L36: dose figure in `inherited` file with no marker or →MED mirror — - Primary thromboprophylaxis: aspirin 75mg.
Corpus A/10_06b_Haemonc_-_Thrombophilia__APS__Thrombocytosis__Methaemoglobinaemia.md L54: dose figure in `inherited` file with no marker or →MED mirror — - **Mx:** life-threatening thrombosis — plateletpheresis. 75mg aspirin to reduce thromboti
Corpus A/10_08_Haemonc_-_Blood_Products_and_Transfusion.md L18: dose figure in `inherited` file with no marker or →MED mirror — | **Major bleeding, or urgent surgery/procedure needed** | IV Vitamin K1 5–10mg + PCC (Ber
Corpus A/10_08_Haemonc_-_Blood_Products_and_Transfusion.md L19: dose figure in `inherited` file with no marker or →MED mirror — | **INR >9, bleeding absent, high risk of bleeding** | Cease warfarin; IV Vitamin K1 1mg; 
Corpus A/10_08_Haemonc_-_Blood_Products_and_Transfusion.md L20: dose figure in `inherited` file with no marker or →MED mirror — | **INR >9, bleeding absent, low risk of bleeding** | Cease warfarin; Vitamin K1 2.5–5mg P
Corpus A/10_08_Haemonc_-_Blood_Products_and_Transfusion.md L46: dose figure in `inherited` file with no marker or →MED mirror — - Each unit is ~300mL — whole blood is collected from the donor, then plasma is removed.
Corpus A/10_08_Haemonc_-_Blood_Products_and_Transfusion.md L47: dose figure in `inherited` file with no marker or →MED mirror — - Each bag should raise the patient's Hb by approximately 10 g/L (3% haematocrit).
Corpus A/10_08_Haemonc_-_Blood_Products_and_Transfusion.md L54: dose figure in `inherited` file with no marker or →MED mirror — - In most other settings, transfusion thresholds: patients without acute coronary syndrome
Corpus A/10_08_Haemonc_-_Blood_Products_and_Transfusion.md L87: dose figure in `inherited` file with no marker or →MED mirror — - Each unit is ~150–220mL. In warfarin reversal, 30mL/kg is needed — give along with ≥1L f
Corpus A/10_08_Haemonc_-_Blood_Products_and_Transfusion.md L97: dose figure in `inherited` file with no marker or →MED mirror — - Each unit is 15–20mL. FFP is centrifuged → the liquid that remains on top (supernatant) 
Corpus A/10_08_Haemonc_-_Blood_Products_and_Transfusion.md L102: dose figure in `inherited` file with no marker or →MED mirror — - Patients with clinically significant but non-major haemorrhage with fibrinogen concentra
Corpus A/10_08_Haemonc_-_Blood_Products_and_Transfusion.md L104: dose figure in `inherited` file with no marker or →MED mirror — - Prophylaxis for surgery if there is significant risk of bleeding and fibrinogen <1.0 g/L
Corpus A/10_08_Haemonc_-_Blood_Products_and_Transfusion.md L123: dose figure in `inherited` file with no marker or →MED mirror — - **D:** a predefined, coordinated hospital protocol for the rapid, balanced delivery of b
Corpus A/10_11c_Oncology_-_Palliative_Care_Prescribing.md L32: dose figure in `inherited` file with no marker or →MED mirror — - 12mcg fentanyl patch ≈ 30mg PO morphine (per 24h) — broadly consistent internationally, 
Corpus A/11_09b_Ortho_-_Trauma.md L113: dose figure in `inherited` file with no marker or →MED mirror — - **The formula gives an initial estimate only — titrate against urine output, reassessed 
Corpus A/12_01_Rheum_-_Rheumatoid_Arthritis__Osteoarthritis__Psoriatic_Arthritis.md L69: dose figure in `inherited` file with no marker or →MED mirror — - **Rituximab:** anti-CD20 monoclonal antibody, ↓B cells. Two 1g IV infusions, 2 weeks apa
Corpus A/12_01_Rheum_-_Rheumatoid_Arthritis__Osteoarthritis__Psoriatic_Arthritis.md L70: dose figure in `inherited` file with no marker or →MED mirror — - **Abatacept:** fusion protein that modulates a key signal required for T-cell activation
Corpus A/12_02_Rheum_-_Ankylosing_Spondylitis__Gout__Pseudogout__Reactive_Arthritis__Fibromyalgia__PMR__CFS.md L42: dose figure in `inherited` file with no marker or →MED mirror — - **Acute:** NSAIDs, colchicine (colchicine has a slower onset, also causes diarrhoea), or
Corpus A/12_02_Rheum_-_Ankylosing_Spondylitis__Gout__Pseudogout__Reactive_Arthritis__Fibromyalgia__PMR__CFS.md L48: dose figure in `inherited` file with no marker or →MED mirror — - **Prophylactic:** allopurinol 100mg OD (**lower starting dose required in renal impairme
Corpus A/12_02_Rheum_-_Ankylosing_Spondylitis__Gout__Pseudogout__Reactive_Arthritis__Fibromyalgia__PMR__CFS.md L77: dose figure in `inherited` file with no marker or →MED mirror — - **Mx:** prednisolone (e.g. 15mg OD) — patient usually responds dramatically, within 24h.
Corpus A/13_01_ENT_-_Otalgia__Otitis_Externa__Otitis_Media__Glue_Ear.md L81: dose figure in `inherited` file with no marker or →MED mirror — - Antibiotics: **amoxicillin 30mg/kg/dose (max 1g) 12-hourly for 5–7 days** — this is the 
Corpus A/13_03_ENT_-_Deafness_and_Vertigo_Conditions.md L29: dose figure in `inherited` file with no marker or →MED mirror — - **Ix/Mx:** immediate specialist referral. Work-up includes MRI (to rule out acoustic neu
Corpus A/13_05b_ENT_-_Stridor__Croup__Epiglottitis__Laryngomalacia__OSA.md L38: dose figure in `inherited` file with no marker or →MED mirror — - Regardless of severity, single dose of PO dexamethasone (0.15mg/kg) — alternative: predn
Corpus A/13_07c_ENT_-_Dental_and_Teeth_Problems.md L53: dose figure in `inherited` file with no marker or →MED mirror — - **Mx:** amoxicillin 500mg/8h PO + metronidazole 400mg/8h PO + dental referral.
Corpus A/15_01a_Paeds_-_Paediatric_and_Newborn_Life_Support.md L36: dose figure in `inherited` file with no marker or →MED mirror — | Adrenaline | **After the 2nd shock**, give adrenaline 10mcg/kg IV/IO; repeat on alternat
Corpus A/15_01a_Paeds_-_Paediatric_and_Newborn_Life_Support.md L37: dose figure in `inherited` file with no marker or →MED mirror — | Amiodarone | After 3rd shock, give amiodarone bolus 5mg/kg IV/IO; repeat once more after
Corpus A/15_01a_Paeds_-_Paediatric_and_Newborn_Life_Support.md L103: dose figure in `inherited` file with no marker or →MED mirror — - Decontaminate the field. Lidocaine 1% 5mL if conscious. Syringe for blood sampling. Flus
Corpus A/15_02_Paeds_-_Ill_and_Feverish_Child__Meningitis__Encephalitis.md L30: dose figure in `inherited` file with no marker or →MED mirror — - **Red features:** Ix — urine, FBC & U&E, blood culture ± LP if <1 year old ± CXR ± ABG ±
Corpus A/15_02_Paeds_-_Ill_and_Feverish_Child__Meningitis__Encephalitis.md L63: dose figure in `inherited` file with no marker or →MED mirror — 2. **Steroids** — not for <3 months. Consider dexamethasone if the LP shows frankly purule
Corpus A/15_02_Paeds_-_Ill_and_Feverish_Child__Meningitis__Encephalitis.md L103: dose figure in `inherited` file with no marker or →MED mirror — - HSV: **IV aciclovir 10mg/kg every 8 hours** for 14–21 days, then repeat LP to confirm CS
Corpus A/15_04a_Paeds_-_URTI_and_LRTI.md L21: dose figure in `inherited` file with no marker or →MED mirror — - **Mx:** single dose of PO dexamethasone (0.15mg/kg) to all children regardless of severi
Corpus A/15_04b_Paeds_-_Asthma_in_Children.md L56: dose figure in `inherited` file with no marker or →MED mirror — - Steroid therapy for 3–5 days — dose 1–2mg/kg OD.
Corpus A/15_04b_Paeds_-_Asthma_in_Children.md L62: dose figure in `inherited` file with no marker or →MED mirror — - Consider one IV dose of magnesium sulfate 40mg/kg over 20 minutes (≤2g) if poor response
Corpus A/15_04b_Paeds_-_Asthma_in_Children.md L63: dose figure in `inherited` file with no marker or →MED mirror — - Consider IV salbutamol over 10 minutes ± infusion (1–2mcg/kg/min), or aminophylline (5mg
Corpus A/15_06_Paeds_-_Cyanotic_CHD__Kawasaki_Disease__Murmurs.md L88: dose figure in `inherited` file with no marker or →MED mirror — - High-dose aspirin — 80–100mg/kg/day PO given in 4 divided doses for 24–72h after fever s
Corpus A/15_07_Paeds_-_Abdominal_Pain__Neuroblastoma__Coeliac_Disease__Malnutrition__Diarrhoea_and_Vomiting.md L78: dose figure in `inherited` file with no marker or →MED mirror — - Start oral rehydration salts (ORS): aim 1mL/kg every 5 minutes, continue breastfeeding. 
Corpus A/15_08_Paeds_-_Surgical_Abdomen__Appendicitis__Intussusception__Pyloric_Stenosis__Hirschsprung__Oesophageal_Atresia_.md L41: dose figure in `inherited` file with no marker or →MED mirror — - IV fluids + ensure fluid balance. Analgesia + sedation (morphine 0.2mg/kg). Antibiotics 
Corpus A/15_08_Paeds_-_Surgical_Abdomen__Appendicitis__Intussusception__Pyloric_Stenosis__Hirschsprung__Oesophageal_Atresia_.md L57: dose figure in `inherited` file with no marker or →MED mirror — - Resuscitate with IV fluids. Correct hypovolaemia: 10mL/kg 0.9% NS. Correct electrolyte i
Corpus A/15_10_Paeds_-_UTI__Nephrotic_Syndrome__Glomerulonephritis.md L84: dose figure in `inherited` file with no marker or →MED mirror — - High dose steroids (prednisolone): 60mg/m²/day (max 80mg) for 4 weeks, then 40mg/m² alte
Corpus A/15_14_Paeds_-_Anaemia__Sickle_Cell__Hereditary_Spherocytosis__HSP.md L37: dose figure in `inherited` file with no marker or →MED mirror — - **Mx:** trial of iron supplementation (e.g. iron fumarate syrup). Aim for a Hb rise of >
Corpus A/15_16a_Paeds_-_Hypothyroidism.md L34: dose figure in `inherited` file with no marker or →MED mirror — - Neonates: start ~8–10mcg/kg/day as a single daily dose (see the verified note above — ge
Corpus A/15_16a_Paeds_-_Hypothyroidism.md L35: dose figure in `inherited` file with no marker or →MED mirror — - <2 years old: start with 5mcg/kg/day (max 50mcg/day), adjust by 10–25mcg every 2 weeks.
Corpus A/15_16a_Paeds_-_Hypothyroidism.md L36: dose figure in `inherited` file with no marker or →MED mirror — - >2 years old: start with 50mcg/day, adjust by 25mcg every 2 weeks.
Corpus A/15_16b_Paeds_-_Diabetes_Mellitus__MODY__DKA.md L41: dose figure in `inherited` file with no marker or →MED mirror — - 10–20g of fast-acting glucose by mouth + complex carbs. If not possible, give oral gluco
Corpus A/15_16b_Paeds_-_Diabetes_Mellitus__MODY__DKA.md L42: dose figure in `inherited` file with no marker or →MED mirror — - Or 5mL/kg IV 10% glucose.
Corpus A/15_16b_Paeds_-_Diabetes_Mellitus__MODY__DKA.md L43: dose figure in `inherited` file with no marker or →MED mirror — - Severe, out of hospital: glucagon 1mg IM (500mcg if <8 years old or <25kg).
Corpus A/15_16b_Paeds_-_Diabetes_Mellitus__MODY__DKA.md L79: dose figure in `inherited` file with no marker or →MED mirror — - Resuscitation: fluids only if shocked (10mL/kg 0.9% NaCl bolus) — isotonic saline only.
Corpus A/15_17b_Paeds_-_Glycogen_Storage_Disorders__PKU__Lysosomal_Storage_Diseases.md L27: dose figure in `inherited` file with no marker or →MED mirror — - **D:** autosomal recessive inborn error of amino acid metabolism characterised by ↑blood
Corpus A/15_17b_Paeds_-_Glycogen_Storage_Disorders__PKU__Lysosomal_Storage_Diseases.md L35: dose figure in `inherited` file with no marker or →MED mirror — - **Mx:** treatment started if >360µmol/L. Dietary restriction with a phenylalanine-free p
Corpus A/16_01-05_Antenatal_Care.md L36: dose figure in `inherited` file with no marker or →MED mirror — **Supplementation — Vitamin D**: 10 mcg/day for all women, especially those with darker or
Corpus A/16_01-05_Antenatal_Care.md L40: dose figure in `inherited` file with no marker or →MED mirror — - Minimal drinking (1–2 units/week) not shown to adversely affect fetus, but crosses place
Corpus A/16_01-05_Antenatal_Care.md L68: dose figure in `inherited` file with no marker or →MED mirror — - Uterus: 100 g → 1.1 kg (hypertrophy ≤20w, then stretching)
Corpus A/16_01-05_Antenatal_Care.md L104: dose figure in `inherited` file with no marker or →MED mirror — - GDM risk assessment → 75 g OGTT at 28w if BMI >30, previous macrosomia, 1st-degree relat
Corpus A/16_01-05_Antenatal_Care.md L159: dose figure in `inherited` file with no marker or →MED mirror — - PO iron: only if anaemic (<105 g/L in 1st trimester or <115 g/L thereafter)
Corpus A/16_01-05_Antenatal_Care.md L160: dose figure in `inherited` file with no marker or →MED mirror — - Vitamin A: high doses (>700 mcg) are teratogenic — avoid eating liver
Corpus A/16_01-05_Antenatal_Care.md L162: dose figure in `inherited` file with no marker or →MED mirror — **Diet advice**: avoid liver and vitamin A; limit caffeine to 200 mg/day (~2 cups tea/coff
Corpus A/16_01-05_Antenatal_Care.md L227: dose figure in `inherited` file with no marker or →MED mirror — - 250 IU for sensitising events before 13 weeks' gestation
Corpus A/16_01-05_Antenatal_Care.md L228: dose figure in `inherited` file with no marker or →MED mirror — - 625 IU for sensitising events from 13 weeks' gestation onward, and for routine antenatal
Corpus A/16_01-05_Antenatal_Care.md L232: dose figure in `inherited` file with no marker or →MED mirror — **Postnatal use**: 500 units standard dose.
Corpus A/16_01-05_Antenatal_Care.md L246: dose figure in `inherited` file with no marker or →MED mirror — - **Give 625 IU at 28w and 34w** for routine antenatal prophylaxis
Corpus A/16_01-05_Antenatal_Care.md L247: dose figure in `inherited` file with no marker or →MED mirror — - For a sensitising event: **250 IU before 13 weeks; 625 IU from 13 weeks onward** — from 
Corpus A/16_01-05_Antenatal_Care.md L271: dose figure in `inherited` file with no marker or →MED mirror — | 16w | Discuss anomaly/blood results; if Hb <110g/L, consider iron; BP + urine dipstick |
Corpus A/16_01-05_Antenatal_Care.md L274: dose figure in `inherited` file with no marker or →MED mirror — | 28w | 2nd anaemia/atypical red cell antibody screen (iron if Hb <105g/L); 1st anti-D dos
Corpus A/16_01-05_Antenatal_Care.md L350: dose figure in `inherited` file with no marker or →MED mirror — - If vomiting intractable, consider steroids (prednisolone 40–50mg OD or hydrocortisone 10
Corpus A/16_01-05_Antenatal_Care.md L351: dose figure in `inherited` file with no marker or →MED mirror — - Prescribe high-dose folic acid 5mg/day, thiamine to prevent Wernicke's
Corpus A/16_01-05_Antenatal_Care.md L352: dose figure in `inherited` file with no marker or →MED mirror — - In hospital: enoxaparin 40mg OD + anti-VTE stockings (dehydration ↑VTE risk)
Corpus A/16_01-05_Antenatal_Care.md L422: dose figure in `inherited` file with no marker or →MED mirror — - Defined as Hb <105 g/L
Corpus A/16_01-05_Antenatal_Care.md L430: dose figure in `inherited` file with no marker or →MED mirror — - Offer PO ferrous sulfate 200mg BD with orange juice; if intolerant, alternate days or 2x
Corpus A/16_01-05_Antenatal_Care.md L457: dose figure in `inherited` file with no marker or →MED mirror — - Folic acid 5mg/day pre-conception to 12w
Corpus A/16_01-05_Antenatal_Care.md L475: dose figure in `inherited` file with no marker or →MED mirror — - **Antenatal Mx**: aim BP <150/90 (DBP ≥80); aspirin 75mg OD until birth; admit if >160/1
Corpus A/16_01-05_Antenatal_Care.md L502: dose figure in `inherited` file with no marker or →MED mirror — - Weekly LFTs; give vitamin K 10mg/24h if abnormal clotting screen, 1mg to baby at birth
Corpus A/16_01-05_Antenatal_Care.md L538: dose figure in `inherited` file with no marker or →MED mirror — - Monitor urine output and fluid balance (catheterisation), aim >30 mL/h + renal bloods; r
Corpus A/16_01-05_Antenatal_Care.md L578: dose figure in `inherited` file with no marker or →MED mirror — - Folic acid 5mg for >3 months prior to conception
Corpus A/16_01-05_Antenatal_Care.md L589: dose figure in `inherited` file with no marker or →MED mirror — - 5mg folic acid daily for 1st trimester
Corpus A/16_01-05_Antenatal_Care.md L593: dose figure in `inherited` file with no marker or →MED mirror — **Intrapartum**: deliver in hospital, continue AEDs; epidural safe for pain relief; benzod
Corpus A/16_01-05_Antenatal_Care.md L596: dose figure in `inherited` file with no marker or →MED mirror — - Vitamin K 1mg to baby
Corpus A/16_01-05_Antenatal_Care.md L613: dose figure in `inherited` file with no marker or →MED mirror — - Aspirin 75–150mg from +ve pregnancy test until delivery
Corpus A/16_01-05_Antenatal_Care.md L619: dose figure in `inherited` file with no marker or →MED mirror — - Mx: uterine artery Dopplers at 20–24w; if high risk, 4-weekly growth scans + umbilical a
Corpus A/16_08-09_Antenatal_and_Perinatal_Problems.md L72: dose figure in `inherited` file with no marker or →MED mirror — - Proteinuria (≥300mg/24h urine, dipstick ≥2+, or protein:creatinine ratio ≥30mg/mmol)
Corpus A/16_08-09_Antenatal_and_Perinatal_Problems.md L87: dose figure in `inherited` file with no marker or →MED mirror — - **Prevention**: in women with ≥1 high-risk or ≥2 moderate-risk factors — aspirin 150mg P
Corpus A/16_10-13_Labour_and_Delivery.md L110: dose figure in `inherited` file with no marker or →MED mirror — | Opiate analgesia (e.g. pethidine 50–150mg IM) | Limited pain relief, significant SE (dro
Corpus A/16_10-13_Labour_and_Delivery.md L111: dose figure in `inherited` file with no marker or →MED mirror — | Pudendal nerve block (S2-4) | e.g. 8–10mL 1% lidocaine; useful for instrumental delivery
Corpus A/16_10-13_Labour_and_Delivery.md L220: dose figure in `inherited` file with no marker or →MED mirror — **R**: previous retained placenta or uterine surgery, preterm delivery, maternal age >35, 
Corpus A/16_10-13_Labour_and_Delivery.md L226: dose figure in `inherited` file with no marker or →MED mirror — - Oxytocin: encourage breastfeeding (natural ↑); 20IU oxytocin in 20mL saline into umbilic
Corpus A/16_10-13_Labour_and_Delivery.md L287: dose figure in `inherited` file with no marker or →MED mirror — **D**: death in utero at or after 20 weeks' gestation (or birthweight ≥400g); loss before 
Corpus A/16_10-13_Labour_and_Delivery.md L411: dose figure in `inherited` file with no marker or →MED mirror — - Uterus: 1kg → 100g (afterpains may occur while shrinking, especially during breastfeedin
Corpus A/16_14-15_Obstetric_Emergencies.md L65: dose figure in `inherited` file with no marker or →MED mirror — - Restrict fluids to 80 mL/h until clinically/biochemically improving (unless haemorrhagin
Corpus A/16_14-15_Obstetric_Emergencies.md L123: dose figure in `inherited` file with no marker or →MED mirror — - Retrofilling bladder with 500mL saline may help elevate presenting part (empty bladder b
Corpus A/16_14-15_Obstetric_Emergencies.md L153: dose figure in `inherited` file with no marker or →MED mirror — **D**: blood loss >500mL after vaginal delivery.
Corpus A/16_14-15_Obstetric_Emergencies.md L156: dose figure in `inherited` file with no marker or →MED mirror — - Massive obstetric haemorrhage: >1000–1500mL loss
Corpus A/16_14-15_Obstetric_Emergencies.md L169: dose figure in `inherited` file with no marker or →MED mirror — - Resuscitate — ABC; intubate if ↓consciousness; crossmatch 4–6 units + transfuse 1 unit p
Corpus A/16_14-15_Obstetric_Emergencies.md L172: dose figure in `inherited` file with no marker or →MED mirror — - Drugs to contract uterus: **oxytocin 10 IU IM/IV is the first-line uterotonic in Austral
Corpus A/16_14-15_Obstetric_Emergencies.md L192: dose figure in `inherited` file with no marker or →MED mirror — - Crossmatch 6 units + prep for fast transfusion
Corpus A/16_16-17_Contraception.md L152: dose figure in `inherited` file with no marker or →MED mirror — - Single dose = 1.5mg (double dose if BMI >26 or weight >70kg)
Corpus A/16_16-17_Contraception.md L163: dose figure in `inherited` file with no marker or →MED mirror — - Single dose = 30mg
Corpus A/17_03_Termination_of_Pregnancy_and_Miscarriage.md L55: dose figure in `inherited` file with no marker or →MED mirror — | >21+6w | Essential that fetus is born dead (unless lethal fetal abnormality) — 3mL intra
Corpus A/17_03_Termination_of_Pregnancy_and_Miscarriage.md L59: dose figure in `inherited` file with no marker or →MED mirror — **Before TOP**: offer counselling + support; US to confirm gestation and identify non-viab
Corpus A/17_03_Termination_of_Pregnancy_and_Miscarriage.md L78: dose figure in `inherited` file with no marker or →MED mirror — **D**: involuntary, spontaneous loss of pregnancy before 20 weeks' gestation (the Australi
Corpus A/17_04_Ectopic_Pregnancy_and_GTD.md L36: dose figure in `inherited` file with no marker or →MED mirror — - If patient in shock (or approaching it): FBC + crossmatch 6 units + senior help ASAP
Corpus A/17_04_Ectopic_Pregnancy_and_GTD.md L52: dose figure in `inherited` file with no marker or →MED mirror — - Diagnosed when there is no sign of intrauterine or ectopic pregnancy, or retained produc
Corpus A/18_Geriatrics_and_Older_Persons_Health.md L78: dose figure in `inherited` file with no marker or →MED mirror — - **Vitamin D** — supplement where deficient. Note the evidence is dose- and setting-depen
Corpus A/History-Taking.md L159: dose figure in `inherited` file with no marker or →MED mirror — - Volume — streaking/blood-tinged sputum vs frank blood vs massive haemoptysis (a specific
Corpus A/Investigation-Interpretation.md L92: dose figure in `inherited` file with no marker or →MED mirror — - **Obstructive** (FEV1/FVC <0.7, or below the lower limit of normal): FEV1 reduced more t
Corpus A/Investigation-Interpretation.md L220: dose figure in `inherited` file with no marker or →MED mirror — - **SAAG ≥11g/L** — portal hypertension is the cause (cirrhosis, heart failure, Budd-Chiar
Corpus A/Investigation-Interpretation.md L221: dose figure in `inherited` file with no marker or →MED mirror — - **SAAG <11g/L** — non-portal-hypertensive cause (malignancy, TB peritonitis, pancreatic 
Corpus A/Investigation-Interpretation.md L224: dose figure in `inherited` file with no marker or →MED mirror — 4. **Additional tests as clinically indicated:** total protein (low ascitic protein <15g/L
