Corpus A/01_Cardiovascular.md L177: `furosemide` -> frusemide (AU convention; confirm local usage)
      - CKD: ACEI/ARB first line; furosemide useful if GFR <45 — monitor for dehydration
Corpus A/01_Cardiovascular.md L973: `furosemide` -> frusemide (AU convention; confirm local usage)
      > **D**iuretics, e.g. IV furosemide
Corpus A/01_Cardiovascular.md L975: `norepinephrine` -> noradrenaline
      - In hypotension or cardiogenic shock: inotropic agents (e.g. dobutamine), vasopressors (e.g. norepinephrine), mechanica
Corpus A/01_Cardiovascular.md L1226: `furosemide` -> frusemide (AU convention; confirm local usage)
      **Loop diuretics (e.g. furosemide, bumetanide):**
Corpus A/02_Respiratory.md L342: `co-amoxiclav` -> amoxicillin+clavulanate (check TG for the AU regimen)
      > Note the AU regimen is built around benzylpenicillin/amoxicillin + a macrolide or tetracycline for atypical cover, not
Corpus A/02_Respiratory.md L356: `co-amoxiclav` -> amoxicillin+clavulanate (check TG for the AU regimen)
      > UK figures (unverified for AU use): **Non-severe:** co-amoxiclav 500/125mg tds x 5 days (or doxycycline, cefalexin, co
Corpus A/02_Respiratory.md L356: `co-trimoxazole` -> trimethoprim+sulfamethoxazole (AU naming varies; confirm)
      > UK figures (unverified for AU use): **Non-severe:** co-amoxiclav 500/125mg tds x 5 days (or doxycycline, cefalexin, co
Corpus A/03_Gastrointestinal.md L501: `furosemide` -> frusemide (AU convention; confirm local usage)
      **R:** middle-aged, gallstones, alcohol, hypertriglyceridaemia, drugs (azathioprine, thiazides, furosemide), ERCP, traum
Corpus A/03_Gastrointestinal.md L535: `furosemide` -> frusemide (AU convention; confirm local usage)
      Azathioprine, mesalazine, bendroflumethiazide, furosemide, steroids, sodium valproate, didanosine, pentamidine
Corpus A/03_Gastrointestinal.md L571: `co-amoxiclav` -> amoxicillin+clavulanate (check TG for the AU regimen)
      - **Definitive:** correction of the underlying disorder driving stasis/dysmotility where identifiable (e.g. surgical cor
Corpus A/03_Gastrointestinal.md L791: `co-amoxiclav` -> amoxicillin+clavulanate (check TG for the AU regimen)
      - **Immediate/acute:** refer to surgeons + NBM; prophylactic IV antibiotics (e.g. co-amoxiclav + metronidazole) — reduce
Corpus A/06_Metabolic_Medicine_and_Endocrinology.md L888: `furosemide` -> frusemide (AU convention; confirm local usage)
      > - If volume overloaded: IV furosemide 50mg
Corpus A/06_Metabolic_Medicine_and_Endocrinology.md L1024: `furosemide` -> frusemide (AU convention; confirm local usage)
      > **Mx:** hypertonic saline (3%) 1–2 mL/kg/h, aiming to increase Na >120 mM while staying within the ≤8mmol/L/24h limit 
Corpus A/07_Renal_Medicine_and_Urology.md L97: `furosemide` -> frusemide (AU convention; confirm local usage)
      1. **Slow progression:** optimise DM control; optimise HTN control (ACEI or ARB — can cause a small ↓GFR, ≤25% reduction
Corpus A/07_Renal_Medicine_and_Urology.md L284: `furosemide` -> frusemide (AU convention; confirm local usage)
      **A:** drugs — especially antibiotics (penicillin, rifampicin), NSAIDs, allopurinol, furosemide. Systemic disease — SLE,
Corpus A/07_Renal_Medicine_and_Urology.md L513: `furosemide` -> frusemide (AU convention; confirm local usage)
      - **Immediate/acute:** treat underlying cause (e.g. stop surgery — recognising and halting ongoing fluid absorption is t
Corpus A/08_04_Infectious_Disease_-_Antibiogram.md L28: `co-trimoxazole` -> trimethoprim+sulfamethoxazole (AU naming varies; confirm)
      | Co-trimoxazole | ✓ | ✓ | ✓ | ✓ | ✓ |
Corpus A/08_05-06_Infectious_Disease_-_Viral_Infections.md L195: `co-trimoxazole` -> trimethoprim+sulfamethoxazole (AU naming varies; confirm)
      - Pneumocystis jirovecii pneumonia (PJP) — CD4 <200 should receive PCP prophylaxis. S/Smx: dyspnoea, dry cough, fever, f
Corpus A/08_09_Infectious_Disease_-_Miscellaneous.md L15: `co-amoxiclav` -> amoxicillin+clavulanate (check TG for the AU regimen)
      - **Mx:** clean wound, do not suture closed unless thorough washout performed. Antibiotics: co-amoxiclav, or doxycycline
Corpus A/08_09_Infectious_Disease_-_Miscellaneous.md L17: `co-amoxiclav` -> amoxicillin+clavulanate (check TG for the AU regimen)
      > [!info] Verified against Australian bite-wound literature (RCH Clinical Practice Guidelines; ED and tropical Australia
Corpus A/08_09_Infectious_Disease_-_Miscellaneous.md L37: `co-amoxiclav` -> amoxicillin+clavulanate (check TG for the AU regimen)
      > Amoxicillin+clavulanate is specifically reserved in current (2025) eTG guidance for more serious infections where *Ent
Corpus A/08_09_Infectious_Disease_-_Miscellaneous.md L40: `co-amoxiclav` -> amoxicillin+clavulanate (check TG for the AU regimen)
      - **Mx of Eron Class III/IV:** admit if rapidly deteriorating, <1 year old, immunocompromised, significant lymphoedema, 
Corpus A/10_01_Haemonc_-_Leukaemias_and_Myeloproliferative_Disorders.md L27: `co-trimoxazole` -> trimethoprim+sulfamethoxazole (AU naming varies; confirm)
      > - **Neutropenic sepsis:** the most immediately dangerous complication during treatment — co-trimoxazole prophylaxis is
Corpus A/10_08_Haemonc_-_Blood_Products_and_Transfusion.md L148: `furosemide` -> frusemide (AU convention; confirm local usage)
      > [!warning] Transfusion-associated circulatory overload (TACO) — hypervolaemia secondary to excessive transfusion, seen
Corpus A/14a-1_Psych_-_Substance_Misuse__Recreational_Drug_Profiles_.md L64: `norepinephrine` -> noradrenaline
      - **MOA:** stimulates the release of dopamine, norepinephrine, serotonin.
Corpus A/15_03b_Paeds_-_HIV_in_Children.md L21: `co-trimoxazole` -> trimethoprim+sulfamethoxazole (AU naming varies; confirm)
      - Initiate PCP prophylaxis with co-trimoxazole from 4 weeks if tests are positive or equivocal.
Corpus A/15_04a_Paeds_-_URTI_and_LRTI.md L84: `co-amoxiclav` -> amoxicillin+clavulanate (check TG for the AU regimen)
      - **Medical Mx:** amoxicillin; + macrolide if no response, or if mycoplasma or chlamydia suspected. If associated with i
Corpus A/15_04a_Paeds_-_URTI_and_LRTI.md L86: `co-amoxiclav` -> amoxicillin+clavulanate (check TG for the AU regimen)
      > [!note] The **adult** entry is [[02_Respiratory]] Pneumonia, which owns the CAP severity assessment (Australian Therap
Corpus A/15_10_Paeds_-_UTI__Nephrotic_Syndrome__Glomerulonephritis.md L42: `co-amoxiclav` -> amoxicillin+clavulanate (check TG for the AU regimen)
      - Upper UTI: consider admission. PO antibiotics (cephalosporin or co-amoxiclav) for 7–10 days.
Corpus A/16_01-05_Antenatal_Care.md L34: `co-trimoxazole` -> trimethoprim+sulfamethoxazole (AU naming varies; confirm)
      > - **5 mg/day** if: past neural tube defect, on antiepileptics, diabetic, obese, HIV+ve on co-trimoxazole prophylaxis, 
Corpus C/NEW_Drugs_01_Allergy_and_Anaphylaxis.md L117: `epinephrine` -> adrenaline
      - **Key agent:** **adrenaline (epinephrine)**, as **1:1000 ampoule** for intramuscular use, as an **adrenaline injector 
Corpus C/NEW_Drugs_05_Anti_infectives.md L199: `co-trimoxazole` -> trimethoprim+sulfamethoxazole (AU naming varies; confirm)
      - **Sulfonamides and trimethoprim — trimethoprim, and trimethoprim–sulfamethoxazole (co-trimoxazole)**
Corpus C/NEW_Drugs_05_Anti_infectives.md L279: `co-trimoxazole` -> trimethoprim+sulfamethoxazole (AU naming varies; confirm)
      - **Co-trimoxazole** — ***Pneumocystis jirovecii*** (a fungus by taxonomy, treated with an antibacterial) and **toxoplas
Corpus C/NEW_Drugs_06_Cardiovascular.md L33: `co-trimoxazole` -> trimethoprim+sulfamethoxazole (AU naming varies; confirm)
      - **Raise INR:** antibiotics (**metronidazole, macrolides, ciprofloxacin, co-trimoxazole**, most broad-spectrum agents),
Corpus C/NEW_Drugs_06_Cardiovascular.md L313: `furosemide` -> frusemide (AU convention; confirm local usage)
      - **Key agents:** **furosemide (frusemide)**, bumetanide, ethacrynic acid (useful in true sulfonamide allergy).
Corpus C/NEW_Drugs_06_Cardiovascular.md L317: `furosemide` -> frusemide (AU convention; confirm local usage)
      - **Oral bioavailability of furosemide is erratic**, and **gut wall oedema in decompensated heart failure impairs absorp
Corpus C/NEW_Drugs_08_Dermatological.md L144: `co-trimoxazole` -> trimethoprim+sulfamethoxazole (AU naming varies; confirm)
      > **Write the day of the week on the prescription and the chart**, dispense in a way that makes daily dosing difficult, 
Corpus C/NEW_Drugs_12_Gastrointestinal.md L211: `furosemide` -> frusemide (AU convention; confirm local usage)
      - **Drugs for hepatic disease** — spironolactone and furosemide for ascites, albumin with large-volume paracentesis, and
Corpus C/NEW_Drugs_13_Genitourinary.md L48: `co-trimoxazole` -> trimethoprim+sulfamethoxazole (AU naming varies; confirm)
      - **Prostatitis:** **acute bacterial prostatitis** needs prolonged antibiotics with good prostatic penetration (**trimet
Corpus C/NEW_Drugs_14_Immunomodulators_and_Antineoplastics.md L33: `co-trimoxazole` -> trimethoprim+sulfamethoxazole (AU naming varies; confirm)
      - **Methotrexate** (folate antagonist) — **mucositis, myelosuppression, hepatotoxicity, pneumonitis, nephrotoxicity at h
Corpus C/NEW_Drugs_14_Immunomodulators_and_Antineoplastics.md L78: `co-trimoxazole` -> trimethoprim+sulfamethoxazole (AU naming varies; confirm)
      > [!danger] **CHECK EVERY DRUG INTERACTION IN AN ONCOLOGY PATIENT.** Azole antifungals with vinca alkaloids (neurotoxici
Corpus C/NEW_Drugs_16_Obstetric_and_Gynaecological.md L153: `co-amoxiclav` -> amoxicillin+clavulanate (check TG for the AU regimen)
      - **Alongside tocolysis:** **antenatal corticosteroids**, **magnesium sulfate for fetal neuroprotection**, **group B str
Corpus C/NEW_Drugs_19_Rheumatological.md L40: `co-trimoxazole` -> trimethoprim+sulfamethoxazole (AU naming varies; confirm)
      - **Methotrexate** — the **anchor drug of rheumatoid arthritis and psoriatic arthritis**. **ONCE WEEKLY dosing, with fol
Corpus C/NEW_Investigations_Infectious_Diseases.md L117: `co-trimoxazole` -> trimethoprim+sulfamethoxazole (AU naming varies; confirm)
      > [!warning] **Intrinsic resistance is the fact to carry.** Enterococci are **intrinsically resistant to cephalosporins*
