Medications_Reference.md L51: `lignocaine` -> lidocaine
      | **Ib** | Fast Na⁺ channels — weak block | little QRS change | lignocaine, mexiletine, phenytoin |
      source: TGA, Updating medicine ingredient names — list of affected ingredients (Ingredient Harmonisation programme). Open AU source, no login.
Corpus A/03_Gastrointestinal.md L571: `co-amoxiclav` -> amoxicillin+clavulanate
      - **Definitive:** correction of the underlying disorder driving stasis/dysmotility where identifiable (e.g. surgical cor
      source: Not an ingredient name at all — a UK combination shorthand. The TGA IHIN ingredient names are amoxicillin and clavulanic acid; the corpus already renders the pair as amoxicillin+clavulanate in 4 of its 5 existing occurrences. Renaming the NAME does not confirm the REGIMEN, which needs Therapeutic Guidelines (login).
Corpus A/03_Gastrointestinal.md L791: `co-amoxiclav` -> amoxicillin+clavulanate
      - **Immediate/acute:** refer to surgeons + NBM; prophylactic IV antibiotics (e.g. co-amoxiclav + metronidazole) — reduce
      source: Not an ingredient name at all — a UK combination shorthand. The TGA IHIN ingredient names are amoxicillin and clavulanic acid; the corpus already renders the pair as amoxicillin+clavulanate in 4 of its 5 existing occurrences. Renaming the NAME does not confirm the REGIMEN, which needs Therapeutic Guidelines (login).
Corpus A/07_Renal_Medicine_and_Urology.md L395: `lignocaine` -> lidocaine
      > **Mx:** treat sexually active men with epididymo-orchitis presumptively for gonorrhoea and chlamydia — **ceftriaxone 5
      source: TGA, Updating medicine ingredient names — list of affected ingredients (Ingredient Harmonisation programme). Open AU source, no login.
Corpus A/08_08_Infectious_Disease_-_Genitourinary_Infections_and_STIs.md L145: `lignocaine` -> lidocaine
      > - **Ceftriaxone 500mg IM** (suspended in 2mL of 1% lignocaine — the injection is painful without it) **plus azithromyc
      source: TGA, Updating medicine ingredient names — list of affected ingredients (Ingredient Harmonisation programme). Open AU source, no login.
Corpus A/08_08_Infectious_Disease_-_Genitourinary_Infections_and_STIs.md L149: `lignocaine` -> lidocaine
      - **Mx:** **ceftriaxone 500mg IM (in 1% lignocaine) plus azithromycin 1g PO, given together** — uncomplicated genital or
      source: TGA, Updating medicine ingredient names — list of affected ingredients (Ingredient Harmonisation programme). Open AU source, no login.
Corpus A/08_09_Infectious_Disease_-_Miscellaneous.md L15: `co-amoxiclav` -> amoxicillin+clavulanate
      - **Mx:** clean wound, do not suture closed unless thorough washout performed. Antibiotics: co-amoxiclav, or doxycycline
      source: Not an ingredient name at all — a UK combination shorthand. The TGA IHIN ingredient names are amoxicillin and clavulanic acid; the corpus already renders the pair as amoxicillin+clavulanate in 4 of its 5 existing occurrences. Renaming the NAME does not confirm the REGIMEN, which needs Therapeutic Guidelines (login).
Corpus A/08_09_Infectious_Disease_-_Miscellaneous.md L40: `co-amoxiclav` -> amoxicillin+clavulanate
      - **Mx of Eron Class III/IV:** admit if rapidly deteriorating, <1 year old, immunocompromised, significant lymphoedema, 
      source: Not an ingredient name at all — a UK combination shorthand. The TGA IHIN ingredient names are amoxicillin and clavulanic acid; the corpus already renders the pair as amoxicillin+clavulanate in 4 of its 5 existing occurrences. Renaming the NAME does not confirm the REGIMEN, which needs Therapeutic Guidelines (login).
Corpus A/15_10_Paeds_-_UTI__Nephrotic_Syndrome__Glomerulonephritis.md L42: `co-amoxiclav` -> amoxicillin+clavulanate
      - Upper UTI: consider admission. PO antibiotics (cephalosporin or co-amoxiclav) for 7–10 days.
      source: Not an ingredient name at all — a UK combination shorthand. The TGA IHIN ingredient names are amoxicillin and clavulanic acid; the corpus already renders the pair as amoxicillin+clavulanate in 4 of its 5 existing occurrences. Renaming the NAME does not confirm the REGIMEN, which needs Therapeutic Guidelines (login).
Corpus A/17_08_Vaginal_Discharge__Urinary_Incontinence__Pelvic_Organ_Prolapse.md L63: `lignocaine` -> lidocaine
      > [!info] Verified against the WA Health "Quick guide to STI and BBV management" (2026 edition), Aug 2026 — **a genuine,
      source: TGA, Updating medicine ingredient names — list of affected ingredients (Ingredient Harmonisation programme). Open AU source, no login.
Corpus A/17_08_Vaginal_Discharge__Urinary_Incontinence__Pelvic_Organ_Prolapse.md L64: `lignocaine` -> lidocaine
      > **Mx**: ceftriaxone 500mg IM (in 1% lignocaine) **plus** azithromycin 1g PO, given together as a single treatment (unc
      source: TGA, Updating medicine ingredient names — list of affected ingredients (Ingredient Harmonisation programme). Open AU source, no login.
Corpus C/NEW_Drugs_16_Obstetric_and_Gynaecological.md L153: `co-amoxiclav` -> amoxicillin+clavulanate
      - **Alongside tocolysis:** **antenatal corticosteroids**, **magnesium sulfate for fetal neuroprotection**, **group B str
      source: Not an ingredient name at all — a UK combination shorthand. The TGA IHIN ingredient names are amoxicillin and clavulanic acid; the corpus already renders the pair as amoxicillin+clavulanate in 4 of its 5 existing occurrences. Renaming the NAME does not confirm the REGIMEN, which needs Therapeutic Guidelines (login).
Corpus B/A8_Foreign_Bodies_by_Site.md L66: `lignocaine` -> lidocaine
      > An insect in the ear canal is intensely distressing because of the noise and movement against the tympanic membrane. *
      source: TGA, Updating medicine ingredient names — list of affected ingredients (Ingredient Harmonisation programme). Open AU source, no login.
Corpus B/C3_Jaundice_and_Liver_Disease.md L215: `frusemide` -> furosemide
      > Management: **sodium restriction, spironolactone with frusemide**, and **large-volume paracentesis with albumin replac
      source: TGA, Updating medicine ingredient names — list of affected ingredients (Ingredient Harmonisation programme). Open AU source, no login.
Corpus B/F0-3_Shock_Phenotypes_and_Sepsis_Syndromes.md L100: `frusemide` -> furosemide
      > The immediate benefit comes from **sitting the patient up, oxygen, non-invasive ventilation and nitrate-mediated prelo
      source: TGA, Updating medicine ingredient names — list of affected ingredients (Ingredient Harmonisation programme). Open AU source, no login.
Corpus B/F0-4_Resuscitation_Algorithms_and_Emergency_Procedures.md L103: `lignocaine` -> lidocaine
      > `Defibrillation energy levels, adrenaline dose and interval, amiodarone or lignocaine dosing, the duration of each CPR
      source: TGA, Updating medicine ingredient names — list of affected ingredients (Ingredient Harmonisation programme). Open AU source, no login.
Corpus B/F0-5_Acute_Respiratory__Headache_and_Head_Injury.md L94: `frusemide` -> furosemide
      > Sit the patient up, give oxygen, start NIV, and give nitrates. Diuretics have a role in the genuinely fluid-overloaded
      source: TGA, Updating medicine ingredient names — list of affected ingredients (Ingredient Harmonisation programme). Open AU source, no login.
Corpus B/GER1_Comprehensive_Geriatric_Assessment.md L155: `frusemide` -> furosemide
      > **· Calcium channel blocker → ankle oedema → frusemide** (and then hyponatraemia and falls). Cross-refer [[B6]] 0.2.
      source: TGA, Updating medicine ingredient names — list of affected ingredients (Ingredient Harmonisation programme). Open AU source, no login.

SKIPPED (non-AU blocks):
Corpus A/02_Respiratory.md L356: `co-amoxiclav` -> amoxicillin+clavulanate
      > UK figures (unverified for AU use): **Non-severe:** co-amoxiclav 500/125mg tds x 5 days (or doxycycline, cefalexin, co
      source: Not an ingredient name at all — a UK combination shorthand. The TGA IHIN ingredient names are amoxicillin and clavulanic acid; the corpus already renders the pair as amoxicillin+clavulanate in 4 of its 5 existing occurrences. Renaming the NAME does not confirm the REGIMEN, which needs Therapeutic Guidelines (login).

DUAL NAMING (no action):
Corpus A/02_Respiratory.md L342: `co-amoxiclav` alongside `amoxicillin+clavulanate` — dual naming, correct as written
Corpus A/08_09_Infectious_Disease_-_Miscellaneous.md L17: `co-amoxiclav` alongside `amoxicillin+clavulanate` — dual naming, correct as written
Corpus A/08_09_Infectious_Disease_-_Miscellaneous.md L37: `co-amoxiclav` alongside `amoxicillin+clavulanate` — dual naming, correct as written
Corpus A/15_04a_Paeds_-_URTI_and_LRTI.md L84: `co-amoxiclav` alongside `amoxicillin+clavulanate` — dual naming, correct as written
Corpus A/15_04a_Paeds_-_URTI_and_LRTI.md L86: `co-amoxiclav` alongside `amoxicillin+clavulanate` — dual naming, correct as written
Corpus C/NEW_Drugs_01_Allergy_and_Anaphylaxis.md L117: `epinephrine` alongside `adrenaline` — dual naming, correct as written
Corpus C/NEW_Drugs_02_Anaesthetics.md L35: `lignocaine` alongside `lidocaine` — dual naming, correct as written
Corpus C/NEW_Drugs_06_Cardiovascular.md L224: `lignocaine` alongside `lidocaine` — dual naming, correct as written
Corpus C/NEW_Drugs_06_Cardiovascular.md L313: `frusemide` alongside `furosemide` — dual naming, correct as written
